TLC2 Version 2.19 of 08 August 2024 (rev: 5a47802)
Running breadth-first search Model-Checking with fp 30 and seed 4079936279581720390 with 2 workers on 18 cores with 3641MB heap and 64MB offheap memory (Mac OS X 27.0 aarch64, Azul Systems, Inc. 1.8.0_492 x86_64, MSBDiskFPSet, DiskStateQueue).
Parsing file /Users/maxmur/Code/RS-Key/formal/RSKeySecurityState.tla
Parsing file /private/var/folders/gg/lgcg496924x384yd58t3b9180000gn/T/Naturals.tla
Parsing file /private/var/folders/gg/lgcg496924x384yd58t3b9180000gn/T/FiniteSets.tla
Parsing file /private/var/folders/gg/lgcg496924x384yd58t3b9180000gn/T/TLC.tla
Parsing file /private/var/folders/gg/lgcg496924x384yd58t3b9180000gn/T/Sequences.tla
Semantic processing of module Naturals
Semantic processing of module Sequences
Semantic processing of module FiniteSets
Semantic processing of module TLC
Semantic processing of module RSKeySecurityState
Starting... (2026-08-31 09:37:46)
Computing initial states...
Finished computing initial states: 1 distinct state generated at 2026-08-31 09:37:47.
Progress(13) at 2026-08-31 09:37:50: 1,159,990 states generated (1,159,990 s/min), 140,374 distinct states found (140,374 ds/min), 63,621 states left on queue.
Progress(19) at 2026-08-31 09:38:50: 31,559,596 states generated (30,399,606 s/min), 2,939,951 distinct states found (2,799,577 ds/min), 839,562 states left on queue.
Progress(21) at 2026-08-31 09:39:50: 62,905,399 states generated (31,345,803 s/min), 5,639,366 distinct states found (2,699,415 ds/min), 1,394,125 states left on queue.
Progress(23) at 2026-08-31 09:40:50: 93,781,419 states generated (30,876,020 s/min), 8,191,470 distinct states found (2,552,104 ds/min), 1,785,016 states left on queue.
Progress(24) at 2026-08-31 09:41:50: 125,104,346 states generated (31,322,927 s/min), 10,798,331 distinct states found (2,606,861 ds/min), 2,166,220 states left on queue.
Progress(25) at 2026-08-31 09:42:50: 156,918,796 states generated (31,814,450 s/min), 13,413,009 distinct states found (2,614,678 ds/min), 2,491,322 states left on queue.
Progress(26) at 2026-08-31 09:43:50: 188,429,725 states generated (31,510,929 s/min), 15,991,564 distinct states found (2,578,555 ds/min), 2,764,044 states left on queue.
Progress(27) at 2026-08-31 09:44:50: 220,245,448 states generated (31,815,723 s/min), 18,574,706 distinct states found (2,583,142 ds/min), 3,009,375 states left on queue.
Progress(28) at 2026-08-31 09:45:50: 252,226,917 states generated (31,981,469 s/min), 21,186,032 distinct states found (2,611,326 ds/min), 3,251,147 states left on queue.
Progress(28) at 2026-08-31 09:46:50: 284,418,880 states generated (32,191,963 s/min), 23,698,381 distinct states found (2,512,349 ds/min), 3,457,979 states left on queue.
Progress(29) at 2026-08-31 09:47:50: 316,534,541 states generated (32,115,661 s/min), 26,306,224 distinct states found (2,607,843 ds/min), 3,636,029 states left on queue.
Progress(30) at 2026-08-31 09:48:50: 348,423,832 states generated (31,889,291 s/min), 28,890,780 distinct states found (2,584,556 ds/min), 3,804,798 states left on queue.
Progress(30) at 2026-08-31 09:49:50: 380,379,999 states generated (31,956,167 s/min), 31,331,040 distinct states found (2,440,260 ds/min), 3,928,590 states left on queue.
Progress(31) at 2026-08-31 09:50:50: 412,324,090 states generated (31,944,091 s/min), 34,006,628 distinct states found (2,675,588 ds/min), 4,100,146 states left on queue.
Progress(32) at 2026-08-31 09:51:50: 443,942,464 states generated (31,618,374 s/min), 36,535,576 distinct states found (2,528,948 ds/min), 4,188,026 states left on queue.
Progress(32) at 2026-08-31 09:52:50: 475,933,350 states generated (31,990,886 s/min), 38,967,534 distinct states found (2,431,958 ds/min), 4,278,722 states left on queue.
Progress(33) at 2026-08-31 09:53:50: 507,759,256 states generated (31,825,906 s/min), 41,546,486 distinct states found (2,578,952 ds/min), 4,368,980 states left on queue.
Progress(33) at 2026-08-31 09:54:50: 539,506,924 states generated (31,747,668 s/min), 43,848,967 distinct states found (2,302,481 ds/min), 4,341,291 states left on queue.
Progress(34) at 2026-08-31 09:55:50: 570,990,435 states generated (31,483,511 s/min), 46,502,149 distinct states found (2,653,182 ds/min), 4,445,724 states left on queue.
Progress(35) at 2026-08-31 09:56:50: 602,173,969 states generated (31,183,534 s/min), 48,780,026 distinct states found (2,277,877 ds/min), 4,323,246 states left on queue.
Progress(35) at 2026-08-31 09:57:50: 633,826,796 states generated (31,652,827 s/min), 51,326,188 distinct states found (2,546,162 ds/min), 4,396,044 states left on queue.
Progress(36) at 2026-08-31 09:58:50: 664,711,889 states generated (30,885,093 s/min), 53,704,573 distinct states found (2,378,385 ds/min), 4,218,946 states left on queue.
Progress(36) at 2026-08-31 09:59:50: 696,255,309 states generated (31,543,420 s/min), 55,976,413 distinct states found (2,271,840 ds/min), 4,133,324 states left on queue.
Progress(37) at 2026-08-31 10:00:50: 726,918,529 states generated (30,663,220 s/min), 58,380,360 distinct states found (2,403,947 ds/min), 4,013,225 states left on queue.
Progress(38) at 2026-08-31 10:01:50: 758,162,530 states generated (31,244,001 s/min), 60,468,949 distinct states found (2,088,589 ds/min), 3,705,787 states left on queue.
Progress(38) at 2026-08-31 10:02:50: 788,767,907 states generated (30,605,377 s/min), 62,931,216 distinct states found (2,462,267 ds/min), 3,581,716 states left on queue.
Progress(39) at 2026-08-31 10:03:50: 819,526,113 states generated (30,758,206 s/min), 65,252,618 distinct states found (2,321,402 ds/min), 3,284,469 states left on queue.
Progress(40) at 2026-08-31 10:04:50: 848,717,160 states generated (29,191,047 s/min), 67,430,293 distinct states found (2,177,675 ds/min), 2,895,351 states left on queue.
Progress(40) at 2026-08-31 10:05:50: 876,661,369 states generated (27,944,209 s/min), 69,263,817 distinct states found (1,833,524 ds/min), 2,538,159 states left on queue.
Progress(41) at 2026-08-31 10:06:50: 904,494,776 states generated (27,833,407 s/min), 71,341,832 distinct states found (2,078,015 ds/min), 2,122,666 states left on queue.
Checkpointing of run states/26-08-31-09-37-46
Checkpointing completed at (2026-08-31 10:07:50)
Progress(43) at 2026-08-31 10:07:50: 931,727,645 states generated (27,232,869 s/min), 73,532,484 distinct states found (2,190,652 ds/min), 1,602,267 states left on queue.
Progress(45) at 2026-08-31 10:08:50: 959,354,057 states generated (27,626,412 s/min), 75,497,261 distinct states found (1,964,777 ds/min), 983,026 states left on queue.
Progress(51) at 2026-08-31 10:09:50: 986,337,836 states generated (26,983,779 s/min), 77,526,959 distinct states found (2,029,698 ds/min), 45,810 states left on queue.
Model checking completed. No error has been found.
  Estimates of the probability that TLC did not check all reachable states
  because two distinct states had the same fingerprint:
  calculated (optimistic):  val = .0038
  based on the actual fingerprints:  val = 2.5E-5
986872269 states generated, 77563872 distinct states found, 0 states left on queue.
The depth of the complete state graph search is 58.
The average outdegree of the complete state graph is 1 (minimum is 0, the maximum 29 and the 95th percentile is 4).
Finished in 32min 06s at (2026-08-31 10:09:52)
