TLC2 Version 2.19 of 08 August 2024 (rev: 5a47802)
Running breadth-first search Model-Checking with fp 56 and seed -844697428280118895 with 2 workers on 18 cores with 3641MB heap and 64MB offheap memory (Mac OS X 27.0 aarch64, Azul Systems, Inc. 1.8.0_492 x86_64, MSBDiskFPSet, DiskStateQueue).
Parsing file /Users/maxmur/Code/RS-Key/formal/RSKeySecurityState.tla
Parsing file /private/var/folders/gg/lgcg496924x384yd58t3b9180000gn/T/Naturals.tla
Parsing file /private/var/folders/gg/lgcg496924x384yd58t3b9180000gn/T/FiniteSets.tla
Parsing file /private/var/folders/gg/lgcg496924x384yd58t3b9180000gn/T/TLC.tla
Parsing file /private/var/folders/gg/lgcg496924x384yd58t3b9180000gn/T/Sequences.tla
Semantic processing of module Naturals
Semantic processing of module Sequences
Semantic processing of module FiniteSets
Semantic processing of module TLC
Semantic processing of module RSKeySecurityState
Starting... (2026-08-30 02:01:39)
Computing initial states...
Finished computing initial states: 1 distinct state generated at 2026-08-30 02:01:39.
Error: Invariant NoTokenAfterInvalidation is violated.
Error: The behavior up to this point is:
State 1: <Initial predicate>
/\ lock = [soft |-> FALSE, mism |-> 0, policyMism |-> 0]
/\ walk = [open |-> FALSE, chan |-> "nochan"]
/\ sys = [warmBoot |-> FALSE, clock |-> 0]
/\ pres = [ scope |-> "none",
  cancelReq |-> FALSE,
  cancelBy |-> "none",
  granted |-> "none",
  pressing |-> FALSE,
  spent |-> FALSE,
  usedBy |-> "none" ]
/\ store = [seed |-> TRUE, cred |-> {}, rpent |-> {}]
/\ viol = {}
/\ plat = [held |-> FALSE, verifies |-> FALSE, revoked |-> FALSE]
/\ snap = [ pin |-> FALSE,
  seen |-> FALSE,
  auv |-> FALSE,
  surv |-> {},
  seed |-> FALSE,
  sealed |-> FALSE ]
/\ upSpent = FALSE
/\ op = [kind |-> "none", t |-> "none", rp |-> "norp", step |-> 0]
/\ pin = [set |-> FALSE, retries |-> 8, everSet |-> FALSE]
/\ ram = FALSE
/\ tok = [rp |-> "norp", live |-> FALSE, perms |-> {}]
/\ gate = [ ppuat |-> FALSE,
  ppuatStale |-> FALSE,
  alwaysUv |-> FALSE,
  backupSealed |-> FALSE,
  forceChange |-> FALSE ]

State 2: <PressDown line 369, col 5 to line 372, col 41 of module RSKeySecurityState>
/\ lock = [soft |-> FALSE, mism |-> 0, policyMism |-> 0]
/\ walk = [open |-> FALSE, chan |-> "nochan"]
/\ sys = [warmBoot |-> FALSE, clock |-> 0]
/\ pres = [ scope |-> "none",
  cancelReq |-> FALSE,
  cancelBy |-> "none",
  granted |-> "none",
  pressing |-> TRUE,
  spent |-> FALSE,
  usedBy |-> "none" ]
/\ store = [seed |-> TRUE, cred |-> {}, rpent |-> {}]
/\ viol = {}
/\ plat = [held |-> FALSE, verifies |-> FALSE, revoked |-> FALSE]
/\ snap = [ pin |-> FALSE,
  seen |-> FALSE,
  auv |-> FALSE,
  surv |-> {},
  seed |-> FALSE,
  sealed |-> FALSE ]
/\ upSpent = FALSE
/\ op = [kind |-> "none", t |-> "none", rp |-> "norp", step |-> 0]
/\ pin = [set |-> FALSE, retries |-> 8, everSet |-> FALSE]
/\ ram = FALSE
/\ tok = [rp |-> "norp", live |-> FALSE, perms |-> {}]
/\ gate = [ ppuat |-> FALSE,
  ppuatStale |-> FALSE,
  alwaysUv |-> FALSE,
  backupSealed |-> FALSE,
  forceChange |-> FALSE ]

State 3: <SetPinStart line 815, col 5 to line 821, col 35 of module RSKeySecurityState>
/\ lock = [soft |-> FALSE, mism |-> 0, policyMism |-> 0]
/\ walk = [open |-> FALSE, chan |-> "nochan"]
/\ sys = [warmBoot |-> FALSE, clock |-> 0]
/\ pres = [ scope |-> "none",
  cancelReq |-> FALSE,
  cancelBy |-> "none",
  granted |-> "none",
  pressing |-> TRUE,
  spent |-> FALSE,
  usedBy |-> "none" ]
/\ store = [seed |-> TRUE, cred |-> {}, rpent |-> {}]
/\ viol = {}
/\ plat = [held |-> FALSE, verifies |-> FALSE, revoked |-> FALSE]
/\ snap = [ pin |-> FALSE,
  seen |-> FALSE,
  auv |-> FALSE,
  surv |-> {},
  seed |-> FALSE,
  sealed |-> FALSE ]
/\ upSpent = FALSE
/\ op = [kind |-> "setpin", t |-> "fido", rp |-> "norp", step |-> 0]
/\ pin = [set |-> FALSE, retries |-> 8, everSet |-> FALSE]
/\ ram = FALSE
/\ tok = [rp |-> "norp", live |-> FALSE, perms |-> {}]
/\ gate = [ ppuat |-> FALSE,
  ppuatStale |-> FALSE,
  alwaysUv |-> FALSE,
  backupSealed |-> FALSE,
  forceChange |-> FALSE ]

State 4: <SetPinWrite line 843, col 5 to line 855, col 76 of module RSKeySecurityState>
/\ lock = [soft |-> FALSE, mism |-> 0, policyMism |-> 0]
/\ walk = [open |-> FALSE, chan |-> "nochan"]
/\ sys = [warmBoot |-> FALSE, clock |-> 0]
/\ pres = [ scope |-> "none",
  cancelReq |-> FALSE,
  cancelBy |-> "none",
  granted |-> "none",
  pressing |-> TRUE,
  spent |-> FALSE,
  usedBy |-> "none" ]
/\ store = [seed |-> TRUE, cred |-> {}, rpent |-> {}]
/\ viol = {}
/\ plat = [held |-> FALSE, verifies |-> FALSE, revoked |-> FALSE]
/\ snap = [ pin |-> FALSE,
  seen |-> FALSE,
  auv |-> FALSE,
  surv |-> {},
  seed |-> FALSE,
  sealed |-> FALSE ]
/\ upSpent = FALSE
/\ op = [kind |-> "setpin", t |-> "fido", rp |-> "norp", step |-> 1]
/\ pin = [set |-> TRUE, retries |-> 8, everSet |-> TRUE]
/\ ram = FALSE
/\ tok = [rp |-> "norp", live |-> FALSE, perms |-> {}]
/\ gate = [ ppuat |-> FALSE,
  ppuatStale |-> FALSE,
  alwaysUv |-> FALSE,
  backupSealed |-> FALSE,
  forceChange |-> FALSE ]

State 5: <SetPinClearPpuat line 833, col 5 to line 840, col 41 of module RSKeySecurityState>
/\ lock = [soft |-> FALSE, mism |-> 0, policyMism |-> 0]
/\ walk = [open |-> FALSE, chan |-> "nochan"]
/\ sys = [warmBoot |-> FALSE, clock |-> 0]
/\ pres = [ scope |-> "none",
  cancelReq |-> FALSE,
  cancelBy |-> "none",
  granted |-> "none",
  pressing |-> TRUE,
  spent |-> FALSE,
  usedBy |-> "none" ]
/\ store = [seed |-> TRUE, cred |-> {}, rpent |-> {}]
/\ viol = {}
/\ plat = [held |-> FALSE, verifies |-> FALSE, revoked |-> FALSE]
/\ snap = [ pin |-> FALSE,
  seen |-> FALSE,
  auv |-> FALSE,
  surv |-> {},
  seed |-> FALSE,
  sealed |-> FALSE ]
/\ upSpent = FALSE
/\ op = [kind |-> "none", t |-> "none", rp |-> "norp", step |-> 0]
/\ pin = [set |-> TRUE, retries |-> 8, everSet |-> TRUE]
/\ ram = FALSE
/\ tok = [rp |-> "norp", live |-> FALSE, perms |-> {}]
/\ gate = [ ppuat |-> FALSE,
  ppuatStale |-> FALSE,
  alwaysUv |-> FALSE,
  backupSealed |-> FALSE,
  forceChange |-> FALSE ]

State 6: <MintPpuat line 727, col 5 to line 731, col 26 of module RSKeySecurityState>
/\ lock = [soft |-> FALSE, mism |-> 0, policyMism |-> 0]
/\ walk = [open |-> FALSE, chan |-> "nochan"]
/\ sys = [warmBoot |-> FALSE, clock |-> 0]
/\ pres = [ scope |-> "none",
  cancelReq |-> FALSE,
  cancelBy |-> "none",
  granted |-> "none",
  pressing |-> TRUE,
  spent |-> FALSE,
  usedBy |-> "none" ]
/\ store = [seed |-> TRUE, cred |-> {}, rpent |-> {}]
/\ viol = {}
/\ plat = [held |-> FALSE, verifies |-> FALSE, revoked |-> FALSE]
/\ snap = [ pin |-> FALSE,
  seen |-> FALSE,
  auv |-> FALSE,
  surv |-> {},
  seed |-> FALSE,
  sealed |-> FALSE ]
/\ upSpent = FALSE
/\ op = [kind |-> "none", t |-> "none", rp |-> "norp", step |-> 0]
/\ pin = [set |-> TRUE, retries |-> 8, everSet |-> TRUE]
/\ ram = FALSE
/\ tok = [rp |-> "norp", live |-> FALSE, perms |-> {}]
/\ gate = [ ppuat |-> TRUE,
  ppuatStale |-> FALSE,
  alwaysUv |-> FALSE,
  backupSealed |-> FALSE,
  forceChange |-> FALSE ]

State 7: <ChangePinStart line 858, col 5 to line 861, col 26 of module RSKeySecurityState>
/\ lock = [soft |-> FALSE, mism |-> 0, policyMism |-> 0]
/\ walk = [open |-> FALSE, chan |-> "nochan"]
/\ sys = [warmBoot |-> FALSE, clock |-> 0]
/\ pres = [ scope |-> "none",
  cancelReq |-> FALSE,
  cancelBy |-> "none",
  granted |-> "none",
  pressing |-> TRUE,
  spent |-> FALSE,
  usedBy |-> "none" ]
/\ store = [seed |-> TRUE, cred |-> {}, rpent |-> {}]
/\ viol = {}
/\ plat = [held |-> FALSE, verifies |-> FALSE, revoked |-> FALSE]
/\ snap = [ pin |-> FALSE,
  seen |-> FALSE,
  auv |-> FALSE,
  surv |-> {},
  seed |-> FALSE,
  sealed |-> FALSE ]
/\ upSpent = FALSE
/\ op = [kind |-> "chpin", t |-> "fido", rp |-> "norp", step |-> 0]
/\ pin = [set |-> TRUE, retries |-> 8, everSet |-> TRUE]
/\ ram = FALSE
/\ tok = [rp |-> "norp", live |-> FALSE, perms |-> {}]
/\ gate = [ ppuat |-> TRUE,
  ppuatStale |-> FALSE,
  alwaysUv |-> FALSE,
  backupSealed |-> FALSE,
  forceChange |-> FALSE ]

State 8: <ChangePinWrite line 877, col 5 to line 889, col 70 of module RSKeySecurityState>
/\ lock = [soft |-> FALSE, mism |-> 0, policyMism |-> 0]
/\ walk = [open |-> FALSE, chan |-> "nochan"]
/\ sys = [warmBoot |-> FALSE, clock |-> 0]
/\ pres = [ scope |-> "none",
  cancelReq |-> FALSE,
  cancelBy |-> "none",
  granted |-> "none",
  pressing |-> TRUE,
  spent |-> FALSE,
  usedBy |-> "none" ]
/\ store = [seed |-> TRUE, cred |-> {}, rpent |-> {}]
/\ viol = {"NoTokenAfterInvalidation"}
/\ plat = [held |-> FALSE, verifies |-> FALSE, revoked |-> FALSE]
/\ snap = [ pin |-> FALSE,
  seen |-> FALSE,
  auv |-> FALSE,
  surv |-> {},
  seed |-> FALSE,
  sealed |-> FALSE ]
/\ upSpent = FALSE
/\ op = [kind |-> "chpin", t |-> "fido", rp |-> "norp", step |-> 1]
/\ pin = [set |-> TRUE, retries |-> 8, everSet |-> TRUE]
/\ ram = FALSE
/\ tok = [rp |-> "norp", live |-> FALSE, perms |-> {}]
/\ gate = [ ppuat |-> TRUE,
  ppuatStale |-> FALSE,
  alwaysUv |-> FALSE,
  backupSealed |-> FALSE,
  forceChange |-> FALSE ]

19942 states generated, 4549 distinct states found, 2812 states left on queue.
The depth of the complete state graph search is 8.
The average outdegree of the complete state graph is 3 (minimum is 0, the maximum 24 and the 95th percentile is 8).
Finished in 00s at (2026-08-30 02:01:39)
