TLC2 Version 2.19 of 08 August 2024 (rev: 5a47802)
Running breadth-first search Model-Checking with fp 25 and seed 6795395162342148107 with 2 workers on 18 cores with 3641MB heap and 64MB offheap memory (Mac OS X 27.0 aarch64, Azul Systems, Inc. 1.8.0_492 x86_64, MSBDiskFPSet, DiskStateQueue).
Parsing file /Users/maxmur/Code/RS-Key/formal/RSKeySecurityState.tla
Parsing file /private/var/folders/gg/lgcg496924x384yd58t3b9180000gn/T/Naturals.tla
Parsing file /private/var/folders/gg/lgcg496924x384yd58t3b9180000gn/T/FiniteSets.tla
Parsing file /private/var/folders/gg/lgcg496924x384yd58t3b9180000gn/T/TLC.tla
Parsing file /private/var/folders/gg/lgcg496924x384yd58t3b9180000gn/T/Sequences.tla
Semantic processing of module Naturals
Semantic processing of module Sequences
Semantic processing of module FiniteSets
Semantic processing of module TLC
Semantic processing of module RSKeySecurityState
Starting... (2026-08-30 01:47:52)
Computing initial states...
Finished computing initial states: 1 distinct state generated at 2026-08-30 01:47:52.
Progress(12) at 2026-08-30 01:47:55: 1,638,929 states generated (1,638,929 s/min), 133,756 distinct states found (133,756 ds/min), 66,296 states left on queue.
Progress(18) at 2026-08-30 01:48:55: 40,200,543 states generated (38,561,614 s/min), 2,794,529 distinct states found (2,660,773 ds/min), 832,787 states left on queue.
Progress(21) at 2026-08-30 01:49:55: 78,111,091 states generated (37,910,548 s/min), 5,223,718 distinct states found (2,429,189 ds/min), 1,131,984 states left on queue.
Progress(22) at 2026-08-30 01:50:55: 115,788,623 states generated (37,677,532 s/min), 7,661,882 distinct states found (2,438,164 ds/min), 1,442,449 states left on queue.
Progress(24) at 2026-08-30 01:51:55: 153,595,327 states generated (37,806,704 s/min), 10,079,686 distinct states found (2,417,804 ds/min), 1,594,155 states left on queue.
Progress(25) at 2026-08-30 01:52:55: 190,806,145 states generated (37,210,818 s/min), 12,458,049 distinct states found (2,378,363 ds/min), 1,712,264 states left on queue.
Progress(27) at 2026-08-30 01:53:55: 228,342,117 states generated (37,535,972 s/min), 14,778,156 distinct states found (2,320,107 ds/min), 1,662,310 states left on queue.
Progress(28) at 2026-08-30 01:54:55: 265,755,976 states generated (37,413,859 s/min), 17,087,242 distinct states found (2,309,086 ds/min), 1,599,177 states left on queue.
Progress(30) at 2026-08-30 01:55:55: 302,660,070 states generated (36,904,094 s/min), 19,165,787 distinct states found (2,078,545 ds/min), 1,144,849 states left on queue.
Progress(34) at 2026-08-30 01:56:55: 339,450,613 states generated (36,790,543 s/min), 21,157,615 distinct states found (1,991,828 ds/min), 267,844 states left on queue.
Model checking completed. No error has been found.
  Estimates of the probability that TLC did not check all reachable states
  because two distinct states had the same fingerprint:
  calculated (optimistic):  val = 3.8E-4
  based on the actual fingerprints:  val = 1.9E-5
344527413 states generated, 21456020 distinct states found, 0 states left on queue.
The depth of the complete state graph search is 45.
The average outdegree of the complete state graph is 1 (minimum is 0, the maximum 31 and the 95th percentile is 4).
Finished in 09min 12s at (2026-08-30 01:57:05)
