TLC2 Version 2.19 of 08 August 2024 (rev: 5a47802)
Running breadth-first search Model-Checking with fp 115 and seed -9094747487191842708 with 2 workers on 18 cores with 3641MB heap and 64MB offheap memory (Mac OS X 27.0 aarch64, Azul Systems, Inc. 1.8.0_492 x86_64, MSBDiskFPSet, DiskStateQueue).
Parsing file /Users/maxmur/Code/RS-Key/formal/RSKeySecurityState.tla
Parsing file /private/var/folders/gg/lgcg496924x384yd58t3b9180000gn/T/Naturals.tla
Parsing file /private/var/folders/gg/lgcg496924x384yd58t3b9180000gn/T/FiniteSets.tla
Parsing file /private/var/folders/gg/lgcg496924x384yd58t3b9180000gn/T/TLC.tla
Parsing file /private/var/folders/gg/lgcg496924x384yd58t3b9180000gn/T/Sequences.tla
Semantic processing of module Naturals
Semantic processing of module Sequences
Semantic processing of module FiniteSets
Semantic processing of module TLC
Semantic processing of module RSKeySecurityState
Starting... (2026-08-27 03:04:53)
Computing initial states...
Finished computing initial states: 1 distinct state generated at 2026-08-27 03:04:53.
Progress(14) at 2026-08-27 03:04:56: 1,326,537 states generated (1,326,537 s/min), 147,177 distinct states found (147,177 ds/min), 56,574 states left on queue.
Progress(22) at 2026-08-27 03:05:56: 33,773,736 states generated (32,447,199 s/min), 3,234,156 distinct states found (3,086,979 ds/min), 675,305 states left on queue.
Progress(26) at 2026-08-27 03:06:56: 65,723,351 states generated (31,949,615 s/min), 6,126,148 distinct states found (2,891,992 ds/min), 1,032,956 states left on queue.
Progress(28) at 2026-08-27 03:07:56: 97,356,219 states generated (31,632,868 s/min), 8,933,936 distinct states found (2,807,788 ds/min), 1,221,428 states left on queue.
Progress(30) at 2026-08-27 03:08:56: 128,169,921 states generated (30,813,702 s/min), 11,677,504 distinct states found (2,743,568 ds/min), 1,417,659 states left on queue.
Progress(32) at 2026-08-27 03:09:56: 158,710,629 states generated (30,540,708 s/min), 14,313,013 distinct states found (2,635,509 ds/min), 1,527,580 states left on queue.
Progress(33) at 2026-08-27 03:10:56: 188,773,210 states generated (30,062,581 s/min), 16,878,101 distinct states found (2,565,088 ds/min), 1,493,632 states left on queue.
Progress(35) at 2026-08-27 03:11:56: 218,254,883 states generated (29,481,673 s/min), 19,382,017 distinct states found (2,503,916 ds/min), 1,390,598 states left on queue.
Progress(38) at 2026-08-27 03:12:56: 248,253,752 states generated (29,998,869 s/min), 21,663,612 distinct states found (2,281,595 ds/min), 872,149 states left on queue.
Model checking completed. No error has been found.
  Estimates of the probability that TLC did not check all reachable states
  because two distinct states had the same fingerprint:
  calculated (optimistic):  val = 3.2E-4
  based on the actual fingerprints:  val = 2.1E-4
273124081 states generated, 23521512 distinct states found, 0 states left on queue.
The depth of the complete state graph search is 51.
The average outdegree of the complete state graph is 1 (minimum is 0, the maximum 29 and the 95th percentile is 3).
Finished in 08min 54s at (2026-08-27 03:13:47)
