TLC2 Version 2.19 of 08 August 2024 (rev: 5a47802)
Running breadth-first search Model-Checking with fp 101 and seed -8633127182161672205 with 2 workers on 18 cores with 3641MB heap and 64MB offheap memory (Mac OS X 27.0 aarch64, Azul Systems, Inc. 1.8.0_492 x86_64, MSBDiskFPSet, DiskStateQueue).
Parsing file /Users/maxmur/Code/RS-Key/formal/RSKeyTokenGate.tla
Parsing file /Users/maxmur/Code/RS-Key/formal/RSKeyTokenAbstract.tla
Parsing file /private/var/folders/gg/lgcg496924x384yd58t3b9180000gn/T/TLC.tla
Parsing file /private/var/folders/gg/lgcg496924x384yd58t3b9180000gn/T/FiniteSets.tla
Parsing file /private/var/folders/gg/lgcg496924x384yd58t3b9180000gn/T/Naturals.tla
Parsing file /private/var/folders/gg/lgcg496924x384yd58t3b9180000gn/T/Sequences.tla
Semantic processing of module Naturals
Semantic processing of module Sequences
Semantic processing of module FiniteSets
Semantic processing of module RSKeyTokenAbstract
Semantic processing of module TLC
Semantic processing of module RSKeyTokenGate
Starting... (2026-08-27 03:04:51)
Computing initial states...
Error: Invariant RequiredGateAgreesWithRelation is violated by the initial state:
a = [ pinSet |-> FALSE,
  live |-> FALSE,
  permissionMc |-> FALSE,
  permissionGa |-> FALSE,
  permissionCm |-> FALSE,
  persistentGrant |-> FALSE,
  permissionAcfg |-> FALSE,
  rpBound |-> FALSE ]

Finished in 00s at (2026-08-27 03:04:52)
