TLC2 Version 2.19 of 08 August 2024 (rev: 5a47802)
Running breadth-first search Model-Checking with fp 88 and seed 4324426233582450315 with 2 workers on 18 cores with 3641MB heap and 64MB offheap memory (Mac OS X 27.0 aarch64, Azul Systems, Inc. 1.8.0_492 x86_64, MSBDiskFPSet, DiskStateQueue).
Parsing file /Users/maxmur/Code/RS-Key/formal/RSKeySecurityState.tla
Parsing file /private/var/folders/gg/lgcg496924x384yd58t3b9180000gn/T/Naturals.tla
Parsing file /private/var/folders/gg/lgcg496924x384yd58t3b9180000gn/T/FiniteSets.tla
Parsing file /private/var/folders/gg/lgcg496924x384yd58t3b9180000gn/T/TLC.tla
Parsing file /private/var/folders/gg/lgcg496924x384yd58t3b9180000gn/T/Sequences.tla
Semantic processing of module Naturals
Semantic processing of module Sequences
Semantic processing of module FiniteSets
Semantic processing of module TLC
Semantic processing of module RSKeySecurityState
Starting... (2026-08-31 10:12:12)
Computing initial states...
Finished computing initial states: 1 distinct state generated at 2026-08-31 10:12:12.
Progress(13) at 2026-08-31 10:12:15: 1,279,168 states generated (1,279,168 s/min), 149,298 distinct states found (149,298 ds/min), 66,400 states left on queue.
Error: Invariant ResetKeepsTheAlwaysUvGate is violated.
Error: The behavior up to this point is:
State 1: <Initial predicate>
/\ lock = [soft |-> FALSE, mism |-> 0, policyMism |-> 0]
/\ walk = [open |-> FALSE, chan |-> "nochan"]
/\ sys = [warmBoot |-> FALSE, clock |-> 0]
/\ pres = [ scope |-> "none",
  cancelReq |-> FALSE,
  cancelBy |-> "none",
  granted |-> "none",
  pressing |-> FALSE,
  spent |-> FALSE,
  usedBy |-> "none" ]
/\ store = [seed |-> TRUE, cred |-> {}, rpent |-> {}]
/\ viol = {}
/\ plat = [held |-> FALSE, verifies |-> FALSE, revoked |-> FALSE]
/\ snap = [ pin |-> FALSE,
  seen |-> FALSE,
  auv |-> FALSE,
  surv |-> {},
  seed |-> FALSE,
  sealed |-> FALSE ]
/\ upSpent = FALSE
/\ op = [kind |-> "none", t |-> "none", rp |-> "norp", step |-> 0]
/\ pin = [set |-> FALSE, retries |-> 8, everSet |-> FALSE]
/\ ram = FALSE
/\ tok = [rp |-> "norp", live |-> FALSE, perms |-> {}]
/\ gate = [ ppuat |-> FALSE,
  ppuatStale |-> FALSE,
  alwaysUv |-> FALSE,
  backupSealed |-> FALSE,
  forceChange |-> FALSE ]

State 2: <PressDown line 369, col 5 to line 372, col 41 of module RSKeySecurityState>
/\ lock = [soft |-> FALSE, mism |-> 0, policyMism |-> 0]
/\ walk = [open |-> FALSE, chan |-> "nochan"]
/\ sys = [warmBoot |-> FALSE, clock |-> 0]
/\ pres = [ scope |-> "none",
  cancelReq |-> FALSE,
  cancelBy |-> "none",
  granted |-> "none",
  pressing |-> TRUE,
  spent |-> FALSE,
  usedBy |-> "none" ]
/\ store = [seed |-> TRUE, cred |-> {}, rpent |-> {}]
/\ viol = {}
/\ plat = [held |-> FALSE, verifies |-> FALSE, revoked |-> FALSE]
/\ snap = [ pin |-> FALSE,
  seen |-> FALSE,
  auv |-> FALSE,
  surv |-> {},
  seed |-> FALSE,
  sealed |-> FALSE ]
/\ upSpent = FALSE
/\ op = [kind |-> "none", t |-> "none", rp |-> "norp", step |-> 0]
/\ pin = [set |-> FALSE, retries |-> 8, everSet |-> FALSE]
/\ ram = FALSE
/\ tok = [rp |-> "norp", live |-> FALSE, perms |-> {}]
/\ gate = [ ppuat |-> FALSE,
  ppuatStale |-> FALSE,
  alwaysUv |-> FALSE,
  backupSealed |-> FALSE,
  forceChange |-> FALSE ]

State 3: <RegisterStart line 928, col 5 to line 949, col 35 of module RSKeySecurityState>
/\ lock = [soft |-> FALSE, mism |-> 0, policyMism |-> 0]
/\ walk = [open |-> FALSE, chan |-> "nochan"]
/\ sys = [warmBoot |-> FALSE, clock |-> 0]
/\ pres = [ scope |-> "fido",
  cancelReq |-> FALSE,
  cancelBy |-> "none",
  granted |-> "none",
  pressing |-> TRUE,
  spent |-> FALSE,
  usedBy |-> "none" ]
/\ store = [seed |-> TRUE, cred |-> {}, rpent |-> {}]
/\ viol = {}
/\ plat = [held |-> FALSE, verifies |-> FALSE, revoked |-> FALSE]
/\ snap = [ pin |-> FALSE,
  seen |-> FALSE,
  auv |-> FALSE,
  surv |-> {},
  seed |-> FALSE,
  sealed |-> FALSE ]
/\ upSpent = FALSE
/\ op = [kind |-> "register", t |-> "fido", rp |-> r1, step |-> 0]
/\ pin = [set |-> FALSE, retries |-> 8, everSet |-> FALSE]
/\ ram = FALSE
/\ tok = [rp |-> "norp", live |-> FALSE, perms |-> {}]
/\ gate = [ ppuat |-> FALSE,
  ppuatStale |-> FALSE,
  alwaysUv |-> FALSE,
  backupSealed |-> FALSE,
  forceChange |-> FALSE ]

State 4: <TouchConfirm line 419, col 5 to line 434, col 35 of module RSKeySecurityState>
/\ lock = [soft |-> FALSE, mism |-> 0, policyMism |-> 0]
/\ walk = [open |-> FALSE, chan |-> "nochan"]
/\ sys = [warmBoot |-> FALSE, clock |-> 0]
/\ pres = [ scope |-> "fido",
  cancelReq |-> FALSE,
  cancelBy |-> "none",
  granted |-> "confirm",
  pressing |-> FALSE,
  spent |-> FALSE,
  usedBy |-> "none" ]
/\ store = [seed |-> TRUE, cred |-> {}, rpent |-> {}]
/\ viol = {}
/\ plat = [held |-> FALSE, verifies |-> FALSE, revoked |-> FALSE]
/\ snap = [ pin |-> FALSE,
  seen |-> FALSE,
  auv |-> FALSE,
  surv |-> {},
  seed |-> FALSE,
  sealed |-> FALSE ]
/\ upSpent = FALSE
/\ op = [kind |-> "register", t |-> "fido", rp |-> r1, step |-> 0]
/\ pin = [set |-> FALSE, retries |-> 8, everSet |-> FALSE]
/\ ram = FALSE
/\ tok = [rp |-> "norp", live |-> FALSE, perms |-> {}]
/\ gate = [ ppuat |-> FALSE,
  ppuatStale |-> FALSE,
  alwaysUv |-> FALSE,
  backupSealed |-> FALSE,
  forceChange |-> FALSE ]

State 5: <PressDown line 369, col 5 to line 372, col 41 of module RSKeySecurityState>
/\ lock = [soft |-> FALSE, mism |-> 0, policyMism |-> 0]
/\ walk = [open |-> FALSE, chan |-> "nochan"]
/\ sys = [warmBoot |-> FALSE, clock |-> 0]
/\ pres = [ scope |-> "fido",
  cancelReq |-> FALSE,
  cancelBy |-> "none",
  granted |-> "confirm",
  pressing |-> TRUE,
  spent |-> FALSE,
  usedBy |-> "none" ]
/\ store = [seed |-> TRUE, cred |-> {}, rpent |-> {}]
/\ viol = {}
/\ plat = [held |-> FALSE, verifies |-> FALSE, revoked |-> FALSE]
/\ snap = [ pin |-> FALSE,
  seen |-> FALSE,
  auv |-> FALSE,
  surv |-> {},
  seed |-> FALSE,
  sealed |-> FALSE ]
/\ upSpent = FALSE
/\ op = [kind |-> "register", t |-> "fido", rp |-> r1, step |-> 0]
/\ pin = [set |-> FALSE, retries |-> 8, everSet |-> FALSE]
/\ ram = FALSE
/\ tok = [rp |-> "norp", live |-> FALSE, perms |-> {}]
/\ gate = [ ppuat |-> FALSE,
  ppuatStale |-> FALSE,
  alwaysUv |-> FALSE,
  backupSealed |-> FALSE,
  forceChange |-> FALSE ]

State 6: <RegisterTouched line 962, col 5 to line 969, col 79 of module RSKeySecurityState>
/\ lock = [soft |-> FALSE, mism |-> 0, policyMism |-> 0]
/\ walk = [open |-> FALSE, chan |-> "nochan"]
/\ sys = [warmBoot |-> FALSE, clock |-> 0]
/\ pres = [ scope |-> "fido",
  cancelReq |-> FALSE,
  cancelBy |-> "none",
  granted |-> "confirm",
  pressing |-> TRUE,
  spent |-> FALSE,
  usedBy |-> "none" ]
/\ store = [seed |-> TRUE, cred |-> {}, rpent |-> {}]
/\ viol = {}
/\ plat = [held |-> FALSE, verifies |-> FALSE, revoked |-> FALSE]
/\ snap = [ pin |-> FALSE,
  seen |-> FALSE,
  auv |-> FALSE,
  surv |-> {},
  seed |-> FALSE,
  sealed |-> FALSE ]
/\ upSpent = TRUE
/\ op = [kind |-> "register", t |-> "fido", rp |-> r1, step |-> 1]
/\ pin = [set |-> FALSE, retries |-> 8, everSet |-> FALSE]
/\ ram = FALSE
/\ tok = [rp |-> "norp", live |-> FALSE, perms |-> {}]
/\ gate = [ ppuat |-> FALSE,
  ppuatStale |-> FALSE,
  alwaysUv |-> FALSE,
  backupSealed |-> FALSE,
  forceChange |-> FALSE ]

State 7: <RegisterWriteA line 984, col 5 to line 990, col 41 of module RSKeySecurityState>
/\ lock = [soft |-> FALSE, mism |-> 0, policyMism |-> 0]
/\ walk = [open |-> FALSE, chan |-> "nochan"]
/\ sys = [warmBoot |-> FALSE, clock |-> 0]
/\ pres = [ scope |-> "fido",
  cancelReq |-> FALSE,
  cancelBy |-> "none",
  granted |-> "confirm",
  pressing |-> TRUE,
  spent |-> FALSE,
  usedBy |-> "none" ]
/\ store = [seed |-> TRUE, cred |-> {}, rpent |-> {r1}]
/\ viol = {}
/\ plat = [held |-> FALSE, verifies |-> FALSE, revoked |-> FALSE]
/\ snap = [ pin |-> FALSE,
  seen |-> FALSE,
  auv |-> FALSE,
  surv |-> {},
  seed |-> FALSE,
  sealed |-> FALSE ]
/\ upSpent = TRUE
/\ op = [kind |-> "register", t |-> "fido", rp |-> r1, step |-> 2]
/\ pin = [set |-> FALSE, retries |-> 8, everSet |-> FALSE]
/\ ram = FALSE
/\ tok = [rp |-> "norp", live |-> FALSE, perms |-> {}]
/\ gate = [ ppuat |-> FALSE,
  ppuatStale |-> FALSE,
  alwaysUv |-> FALSE,
  backupSealed |-> FALSE,
  forceChange |-> FALSE ]

State 8: <RegisterWriteB line 993, col 5 to line 1000, col 32 of module RSKeySecurityState>
/\ lock = [soft |-> FALSE, mism |-> 0, policyMism |-> 0]
/\ walk = [open |-> FALSE, chan |-> "nochan"]
/\ sys = [warmBoot |-> FALSE, clock |-> 0]
/\ pres = [ scope |-> "none",
  cancelReq |-> FALSE,
  cancelBy |-> "none",
  granted |-> "none",
  pressing |-> TRUE,
  spent |-> FALSE,
  usedBy |-> "none" ]
/\ store = [seed |-> TRUE, cred |-> {r1}, rpent |-> {r1}]
/\ viol = {}
/\ plat = [held |-> FALSE, verifies |-> FALSE, revoked |-> FALSE]
/\ snap = [ pin |-> FALSE,
  seen |-> FALSE,
  auv |-> FALSE,
  surv |-> {},
  seed |-> FALSE,
  sealed |-> FALSE ]
/\ upSpent = TRUE
/\ op = [kind |-> "none", t |-> "none", rp |-> "norp", step |-> 0]
/\ pin = [set |-> FALSE, retries |-> 8, everSet |-> FALSE]
/\ ram = FALSE
/\ tok = [rp |-> "norp", live |-> FALSE, perms |-> {}]
/\ gate = [ ppuat |-> FALSE,
  ppuatStale |-> FALSE,
  alwaysUv |-> FALSE,
  backupSealed |-> FALSE,
  forceChange |-> FALSE ]

State 9: <SetPinStart line 815, col 5 to line 821, col 35 of module RSKeySecurityState>
/\ lock = [soft |-> FALSE, mism |-> 0, policyMism |-> 0]
/\ walk = [open |-> FALSE, chan |-> "nochan"]
/\ sys = [warmBoot |-> FALSE, clock |-> 0]
/\ pres = [ scope |-> "none",
  cancelReq |-> FALSE,
  cancelBy |-> "none",
  granted |-> "none",
  pressing |-> TRUE,
  spent |-> FALSE,
  usedBy |-> "none" ]
/\ store = [seed |-> TRUE, cred |-> {r1}, rpent |-> {r1}]
/\ viol = {}
/\ plat = [held |-> FALSE, verifies |-> FALSE, revoked |-> FALSE]
/\ snap = [ pin |-> FALSE,
  seen |-> FALSE,
  auv |-> FALSE,
  surv |-> {},
  seed |-> FALSE,
  sealed |-> FALSE ]
/\ upSpent = TRUE
/\ op = [kind |-> "setpin", t |-> "fido", rp |-> "norp", step |-> 0]
/\ pin = [set |-> FALSE, retries |-> 8, everSet |-> FALSE]
/\ ram = FALSE
/\ tok = [rp |-> "norp", live |-> FALSE, perms |-> {}]
/\ gate = [ ppuat |-> FALSE,
  ppuatStale |-> FALSE,
  alwaysUv |-> FALSE,
  backupSealed |-> FALSE,
  forceChange |-> FALSE ]

State 10: <SetPinClearPpuat line 833, col 5 to line 840, col 41 of module RSKeySecurityState>
/\ lock = [soft |-> FALSE, mism |-> 0, policyMism |-> 0]
/\ walk = [open |-> FALSE, chan |-> "nochan"]
/\ sys = [warmBoot |-> FALSE, clock |-> 0]
/\ pres = [ scope |-> "none",
  cancelReq |-> FALSE,
  cancelBy |-> "none",
  granted |-> "none",
  pressing |-> TRUE,
  spent |-> FALSE,
  usedBy |-> "none" ]
/\ store = [seed |-> TRUE, cred |-> {r1}, rpent |-> {r1}]
/\ viol = {}
/\ plat = [held |-> FALSE, verifies |-> FALSE, revoked |-> FALSE]
/\ snap = [ pin |-> FALSE,
  seen |-> FALSE,
  auv |-> FALSE,
  surv |-> {},
  seed |-> FALSE,
  sealed |-> FALSE ]
/\ upSpent = TRUE
/\ op = [kind |-> "setpin", t |-> "fido", rp |-> "norp", step |-> 1]
/\ pin = [set |-> FALSE, retries |-> 8, everSet |-> FALSE]
/\ ram = FALSE
/\ tok = [rp |-> "norp", live |-> FALSE, perms |-> {}]
/\ gate = [ ppuat |-> FALSE,
  ppuatStale |-> FALSE,
  alwaysUv |-> FALSE,
  backupSealed |-> FALSE,
  forceChange |-> FALSE ]

State 11: <SetPinWrite line 843, col 5 to line 855, col 76 of module RSKeySecurityState>
/\ lock = [soft |-> FALSE, mism |-> 0, policyMism |-> 0]
/\ walk = [open |-> FALSE, chan |-> "nochan"]
/\ sys = [warmBoot |-> FALSE, clock |-> 0]
/\ pres = [ scope |-> "none",
  cancelReq |-> FALSE,
  cancelBy |-> "none",
  granted |-> "none",
  pressing |-> TRUE,
  spent |-> FALSE,
  usedBy |-> "none" ]
/\ store = [seed |-> TRUE, cred |-> {r1}, rpent |-> {r1}]
/\ viol = {}
/\ plat = [held |-> FALSE, verifies |-> FALSE, revoked |-> FALSE]
/\ snap = [ pin |-> FALSE,
  seen |-> FALSE,
  auv |-> FALSE,
  surv |-> {},
  seed |-> FALSE,
  sealed |-> FALSE ]
/\ upSpent = TRUE
/\ op = [kind |-> "none", t |-> "none", rp |-> "norp", step |-> 0]
/\ pin = [set |-> TRUE, retries |-> 8, everSet |-> TRUE]
/\ ram = FALSE
/\ tok = [rp |-> "norp", live |-> FALSE, perms |-> {}]
/\ gate = [ ppuat |-> FALSE,
  ppuatStale |-> FALSE,
  alwaysUv |-> FALSE,
  backupSealed |-> FALSE,
  forceChange |-> FALSE ]

State 12: <GetPinToken line 695, col 5 to line 703, col 60 of module RSKeySecurityState>
/\ lock = [soft |-> FALSE, mism |-> 0, policyMism |-> 0]
/\ walk = [open |-> FALSE, chan |-> "nochan"]
/\ sys = [warmBoot |-> FALSE, clock |-> 0]
/\ pres = [ scope |-> "none",
  cancelReq |-> FALSE,
  cancelBy |-> "none",
  granted |-> "none",
  pressing |-> TRUE,
  spent |-> FALSE,
  usedBy |-> "none" ]
/\ store = [seed |-> TRUE, cred |-> {r1}, rpent |-> {r1}]
/\ viol = {}
/\ plat = [held |-> TRUE, verifies |-> TRUE, revoked |-> FALSE]
/\ snap = [ pin |-> FALSE,
  seen |-> FALSE,
  auv |-> FALSE,
  surv |-> {},
  seed |-> FALSE,
  sealed |-> FALSE ]
/\ upSpent = FALSE
/\ op = [kind |-> "none", t |-> "none", rp |-> "norp", step |-> 0]
/\ pin = [set |-> TRUE, retries |-> 8, everSet |-> TRUE]
/\ ram = FALSE
/\ tok = [rp |-> r1, live |-> TRUE, perms |-> {"acfg"}]
/\ gate = [ ppuat |-> FALSE,
  ppuatStale |-> FALSE,
  alwaysUv |-> FALSE,
  backupSealed |-> FALSE,
  forceChange |-> FALSE ]

State 13: <ConfigOp line 1101, col 5 to line 1124, col 68 of module RSKeySecurityState>
/\ lock = [soft |-> FALSE, mism |-> 0, policyMism |-> 0]
/\ walk = [open |-> FALSE, chan |-> "nochan"]
/\ sys = [warmBoot |-> FALSE, clock |-> 0]
/\ pres = [ scope |-> "none",
  cancelReq |-> FALSE,
  cancelBy |-> "none",
  granted |-> "none",
  pressing |-> TRUE,
  spent |-> FALSE,
  usedBy |-> "none" ]
/\ store = [seed |-> TRUE, cred |-> {r1}, rpent |-> {r1}]
/\ viol = {}
/\ plat = [held |-> TRUE, verifies |-> TRUE, revoked |-> FALSE]
/\ snap = [ pin |-> FALSE,
  seen |-> FALSE,
  auv |-> FALSE,
  surv |-> {},
  seed |-> FALSE,
  sealed |-> FALSE ]
/\ upSpent = FALSE
/\ op = [kind |-> "none", t |-> "none", rp |-> "norp", step |-> 0]
/\ pin = [set |-> TRUE, retries |-> 8, everSet |-> TRUE]
/\ ram = FALSE
/\ tok = [rp |-> r1, live |-> TRUE, perms |-> {"acfg"}]
/\ gate = [ ppuat |-> FALSE,
  ppuatStale |-> FALSE,
  alwaysUv |-> TRUE,
  backupSealed |-> FALSE,
  forceChange |-> FALSE ]

State 14: <ResetStart line 1272, col 5 to line 1281, col 35 of module RSKeySecurityState>
/\ lock = [soft |-> FALSE, mism |-> 0, policyMism |-> 0]
/\ walk = [open |-> FALSE, chan |-> "nochan"]
/\ sys = [warmBoot |-> FALSE, clock |-> 0]
/\ pres = [ scope |-> "fido",
  cancelReq |-> FALSE,
  cancelBy |-> "none",
  granted |-> "none",
  pressing |-> TRUE,
  spent |-> FALSE,
  usedBy |-> "none" ]
/\ store = [seed |-> TRUE, cred |-> {r1}, rpent |-> {r1}]
/\ viol = {}
/\ plat = [held |-> TRUE, verifies |-> TRUE, revoked |-> FALSE]
/\ snap = [ pin |-> FALSE,
  seen |-> FALSE,
  auv |-> FALSE,
  surv |-> {},
  seed |-> FALSE,
  sealed |-> FALSE ]
/\ upSpent = FALSE
/\ op = [kind |-> "reset", t |-> "fido", rp |-> "norp", step |-> 0]
/\ pin = [set |-> TRUE, retries |-> 8, everSet |-> TRUE]
/\ ram = FALSE
/\ tok = [rp |-> r1, live |-> TRUE, perms |-> {"acfg"}]
/\ gate = [ ppuat |-> FALSE,
  ppuatStale |-> FALSE,
  alwaysUv |-> TRUE,
  backupSealed |-> FALSE,
  forceChange |-> FALSE ]

State 15: <TouchConfirm line 419, col 5 to line 434, col 35 of module RSKeySecurityState>
/\ lock = [soft |-> FALSE, mism |-> 0, policyMism |-> 0]
/\ walk = [open |-> FALSE, chan |-> "nochan"]
/\ sys = [warmBoot |-> FALSE, clock |-> 0]
/\ pres = [ scope |-> "fido",
  cancelReq |-> FALSE,
  cancelBy |-> "none",
  granted |-> "confirm",
  pressing |-> TRUE,
  spent |-> TRUE,
  usedBy |-> "fido" ]
/\ store = [seed |-> TRUE, cred |-> {r1}, rpent |-> {r1}]
/\ viol = {}
/\ plat = [held |-> TRUE, verifies |-> TRUE, revoked |-> FALSE]
/\ snap = [ pin |-> FALSE,
  seen |-> FALSE,
  auv |-> FALSE,
  surv |-> {},
  seed |-> FALSE,
  sealed |-> FALSE ]
/\ upSpent = FALSE
/\ op = [kind |-> "reset", t |-> "fido", rp |-> "norp", step |-> 0]
/\ pin = [set |-> TRUE, retries |-> 8, everSet |-> TRUE]
/\ ram = FALSE
/\ tok = [rp |-> r1, live |-> TRUE, perms |-> {"acfg"}]
/\ gate = [ ppuat |-> FALSE,
  ppuatStale |-> FALSE,
  alwaysUv |-> TRUE,
  backupSealed |-> FALSE,
  forceChange |-> FALSE ]

State 16: <ResetConfirmed line 1301, col 5 to line 1342, col 49 of module RSKeySecurityState>
/\ lock = [soft |-> FALSE, mism |-> 0, policyMism |-> 0]
/\ walk = [open |-> FALSE, chan |-> "nochan"]
/\ sys = [warmBoot |-> FALSE, clock |-> 0]
/\ pres = [ scope |-> "fido",
  cancelReq |-> FALSE,
  cancelBy |-> "none",
  granted |-> "confirm",
  pressing |-> TRUE,
  spent |-> TRUE,
  usedBy |-> "fido" ]
/\ store = [seed |-> TRUE, cred |-> {r1}, rpent |-> {r1}]
/\ viol = {}
/\ plat = [held |-> FALSE, verifies |-> FALSE, revoked |-> TRUE]
/\ snap = [ pin |-> TRUE,
  seen |-> TRUE,
  auv |-> TRUE,
  surv |-> {r1},
  seed |-> TRUE,
  sealed |-> FALSE ]
/\ upSpent = FALSE
/\ op = [kind |-> "reset", t |-> "fido", rp |-> "norp", step |-> 2]
/\ pin = [set |-> TRUE, retries |-> 8, everSet |-> TRUE]
/\ ram = FALSE
/\ tok = [rp |-> "norp", live |-> FALSE, perms |-> {}]
/\ gate = [ ppuat |-> FALSE,
  ppuatStale |-> FALSE,
  alwaysUv |-> TRUE,
  backupSealed |-> FALSE,
  forceChange |-> FALSE ]

State 17: <ResetSweepGates line 1434, col 5 to line 1457, col 32 of module RSKeySecurityState>
/\ lock = [soft |-> FALSE, mism |-> 0, policyMism |-> 0]
/\ walk = [open |-> FALSE, chan |-> "nochan"]
/\ sys = [warmBoot |-> FALSE, clock |-> 0]
/\ pres = [ scope |-> "fido",
  cancelReq |-> FALSE,
  cancelBy |-> "none",
  granted |-> "confirm",
  pressing |-> TRUE,
  spent |-> TRUE,
  usedBy |-> "fido" ]
/\ store = [seed |-> TRUE, cred |-> {r1}, rpent |-> {r1}]
/\ viol = {}
/\ plat = [held |-> FALSE, verifies |-> FALSE, revoked |-> TRUE]
/\ snap = [ pin |-> TRUE,
  seen |-> TRUE,
  auv |-> TRUE,
  surv |-> {r1},
  seed |-> TRUE,
  sealed |-> FALSE ]
/\ upSpent = FALSE
/\ op = [kind |-> "reset", t |-> "fido", rp |-> "norp", step |-> 2]
/\ pin = [set |-> TRUE, retries |-> 8, everSet |-> TRUE]
/\ ram = FALSE
/\ tok = [rp |-> "norp", live |-> FALSE, perms |-> {}]
/\ gate = [ ppuat |-> FALSE,
  ppuatStale |-> FALSE,
  alwaysUv |-> FALSE,
  backupSealed |-> FALSE,
  forceChange |-> FALSE ]

State 18: <ResetAborts line 1485, col 5 to line 1489, col 41 of module RSKeySecurityState>
/\ lock = [soft |-> FALSE, mism |-> 0, policyMism |-> 0]
/\ walk = [open |-> FALSE, chan |-> "nochan"]
/\ sys = [warmBoot |-> FALSE, clock |-> 0]
/\ pres = [ scope |-> "none",
  cancelReq |-> FALSE,
  cancelBy |-> "none",
  granted |-> "none",
  pressing |-> TRUE,
  spent |-> TRUE,
  usedBy |-> "fido" ]
/\ store = [seed |-> TRUE, cred |-> {r1}, rpent |-> {r1}]
/\ viol = {}
/\ plat = [held |-> FALSE, verifies |-> FALSE, revoked |-> TRUE]
/\ snap = [ pin |-> TRUE,
  seen |-> TRUE,
  auv |-> TRUE,
  surv |-> {r1},
  seed |-> TRUE,
  sealed |-> FALSE ]
/\ upSpent = FALSE
/\ op = [kind |-> "none", t |-> "none", rp |-> "norp", step |-> 0]
/\ pin = [set |-> TRUE, retries |-> 8, everSet |-> TRUE]
/\ ram = FALSE
/\ tok = [rp |-> "norp", live |-> FALSE, perms |-> {}]
/\ gate = [ ppuat |-> FALSE,
  ppuatStale |-> FALSE,
  alwaysUv |-> FALSE,
  backupSealed |-> FALSE,
  forceChange |-> FALSE ]

20473367 states generated, 2062588 distinct states found, 656156 states left on queue.
The depth of the complete state graph search is 18.
The average outdegree of the complete state graph is 1 (minimum is 0, the maximum 28 and the 95th percentile is 5).
Finished in 39s at (2026-08-31 10:12:52)
