TLC2 Version 2.19 of 08 August 2024 (rev: 5a47802)
Running breadth-first search Model-Checking with fp 127 and seed 2872249309784105287 with 2 workers on 18 cores with 3641MB heap and 64MB offheap memory (Mac OS X 27.0 aarch64, Azul Systems, Inc. 1.8.0_492 x86_64, MSBDiskFPSet, DiskStateQueue).
Parsing file /Users/maxmur/Code/RS-Key/formal/RSKeySecurityState.tla
Parsing file /private/var/folders/gg/lgcg496924x384yd58t3b9180000gn/T/Naturals.tla
Parsing file /private/var/folders/gg/lgcg496924x384yd58t3b9180000gn/T/FiniteSets.tla
Parsing file /private/var/folders/gg/lgcg496924x384yd58t3b9180000gn/T/TLC.tla
Parsing file /private/var/folders/gg/lgcg496924x384yd58t3b9180000gn/T/Sequences.tla
Semantic processing of module Naturals
Semantic processing of module Sequences
Semantic processing of module FiniteSets
Semantic processing of module TLC
Semantic processing of module RSKeySecurityState
Starting... (2026-08-30 01:57:05)
Computing initial states...
Finished computing initial states: 1 distinct state generated at 2026-08-30 01:57:06.
Progress(14) at 2026-08-30 01:57:09: 1,539,745 states generated (1,539,745 s/min), 200,904 distinct states found (200,904 ds/min), 75,148 states left on queue.
Progress(24) at 2026-08-30 01:58:09: 38,525,888 states generated (36,986,143 s/min), 4,184,017 distinct states found (3,983,113 ds/min), 723,748 states left on queue.
Progress(28) at 2026-08-30 01:59:09: 75,018,467 states generated (36,492,579 s/min), 7,807,917 distinct states found (3,623,900 ds/min), 763,201 states left on queue.
Model checking completed. No error has been found.
  Estimates of the probability that TLC did not check all reachable states
  because two distinct states had the same fingerprint:
  calculated (optimistic):  val = 5.6E-5
  based on the actual fingerprints:  val = 1.3E-5
106956959 states generated, 10765176 distinct states found, 0 states left on queue.
The depth of the complete state graph search is 46.
The average outdegree of the complete state graph is 1 (minimum is 0, the maximum 24 and the 95th percentile is 3).
Finished in 02min 55s at (2026-08-30 02:00:01)
