TLC2 Version 2.19 of 08 August 2024 (rev: 5a47802)
Running breadth-first search Model-Checking with fp 26 and seed 9180489991846248297 with 2 workers on 18 cores with 3641MB heap and 64MB offheap memory (Mac OS X 27.0 aarch64, Azul Systems, Inc. 1.8.0_492 x86_64, MSBDiskFPSet, DiskStateQueue).
Parsing file /Users/maxmur/Code/RS-Key/formal/RSKeySecurityState.tla
Parsing file /private/var/folders/gg/lgcg496924x384yd58t3b9180000gn/T/Naturals.tla
Parsing file /private/var/folders/gg/lgcg496924x384yd58t3b9180000gn/T/FiniteSets.tla
Parsing file /private/var/folders/gg/lgcg496924x384yd58t3b9180000gn/T/TLC.tla
Parsing file /private/var/folders/gg/lgcg496924x384yd58t3b9180000gn/T/Sequences.tla
Semantic processing of module Naturals
Semantic processing of module Sequences
Semantic processing of module FiniteSets
Semantic processing of module TLC
Semantic processing of module RSKeySecurityState
Starting... (2026-08-30 02:01:38)
Computing initial states...
Finished computing initial states: 1 distinct state generated at 2026-08-30 02:01:38.
Error: Invariant NoCrossTransportTouchConsumption is violated.
Error: The behavior up to this point is:
State 1: <Initial predicate>
/\ lock = [soft |-> FALSE, mism |-> 0, policyMism |-> 0]
/\ walk = [open |-> FALSE, chan |-> "nochan"]
/\ sys = [warmBoot |-> FALSE, clock |-> 0]
/\ pres = [ scope |-> "none",
  cancelReq |-> FALSE,
  cancelBy |-> "none",
  granted |-> "none",
  pressing |-> FALSE,
  spent |-> FALSE,
  usedBy |-> "none" ]
/\ store = [seed |-> TRUE, cred |-> {}, rpent |-> {}]
/\ viol = {}
/\ plat = [held |-> FALSE, verifies |-> FALSE, revoked |-> FALSE]
/\ snap = [ pin |-> FALSE,
  seen |-> FALSE,
  auv |-> FALSE,
  surv |-> {},
  seed |-> FALSE,
  sealed |-> FALSE ]
/\ upSpent = FALSE
/\ op = [kind |-> "none", t |-> "none", rp |-> "norp", step |-> 0]
/\ pin = [set |-> FALSE, retries |-> 8, everSet |-> FALSE]
/\ ram = FALSE
/\ tok = [rp |-> "norp", live |-> FALSE, perms |-> {}]
/\ gate = [ ppuat |-> FALSE,
  ppuatStale |-> FALSE,
  alwaysUv |-> FALSE,
  backupSealed |-> FALSE,
  forceChange |-> FALSE ]

State 2: <PressDown line 369, col 5 to line 372, col 41 of module RSKeySecurityState>
/\ lock = [soft |-> FALSE, mism |-> 0, policyMism |-> 0]
/\ walk = [open |-> FALSE, chan |-> "nochan"]
/\ sys = [warmBoot |-> FALSE, clock |-> 0]
/\ pres = [ scope |-> "none",
  cancelReq |-> FALSE,
  cancelBy |-> "none",
  granted |-> "none",
  pressing |-> TRUE,
  spent |-> FALSE,
  usedBy |-> "none" ]
/\ store = [seed |-> TRUE, cred |-> {}, rpent |-> {}]
/\ viol = {}
/\ plat = [held |-> FALSE, verifies |-> FALSE, revoked |-> FALSE]
/\ snap = [ pin |-> FALSE,
  seen |-> FALSE,
  auv |-> FALSE,
  surv |-> {},
  seed |-> FALSE,
  sealed |-> FALSE ]
/\ upSpent = FALSE
/\ op = [kind |-> "none", t |-> "none", rp |-> "norp", step |-> 0]
/\ pin = [set |-> FALSE, retries |-> 8, everSet |-> FALSE]
/\ ram = FALSE
/\ tok = [rp |-> "norp", live |-> FALSE, perms |-> {}]
/\ gate = [ ppuat |-> FALSE,
  ppuatStale |-> FALSE,
  alwaysUv |-> FALSE,
  backupSealed |-> FALSE,
  forceChange |-> FALSE ]

State 3: <LocalCeremonyStart line 482, col 5 to line 488, col 35 of module RSKeySecurityState>
/\ lock = [soft |-> FALSE, mism |-> 0, policyMism |-> 0]
/\ walk = [open |-> FALSE, chan |-> "nochan"]
/\ sys = [warmBoot |-> FALSE, clock |-> 0]
/\ pres = [ scope |-> "panel",
  cancelReq |-> FALSE,
  cancelBy |-> "none",
  granted |-> "none",
  pressing |-> TRUE,
  spent |-> FALSE,
  usedBy |-> "none" ]
/\ store = [seed |-> TRUE, cred |-> {}, rpent |-> {}]
/\ viol = {}
/\ plat = [held |-> FALSE, verifies |-> FALSE, revoked |-> FALSE]
/\ snap = [ pin |-> FALSE,
  seen |-> FALSE,
  auv |-> FALSE,
  surv |-> {},
  seed |-> FALSE,
  sealed |-> FALSE ]
/\ upSpent = FALSE
/\ op = [kind |-> "none", t |-> "none", rp |-> "norp", step |-> 0]
/\ pin = [set |-> FALSE, retries |-> 8, everSet |-> FALSE]
/\ ram = FALSE
/\ tok = [rp |-> "norp", live |-> FALSE, perms |-> {}]
/\ gate = [ ppuat |-> FALSE,
  ppuatStale |-> FALSE,
  alwaysUv |-> FALSE,
  backupSealed |-> FALSE,
  forceChange |-> FALSE ]

State 4: <HostCancel line 393, col 5 to line 397, col 41 of module RSKeySecurityState>
/\ lock = [soft |-> FALSE, mism |-> 0, policyMism |-> 0]
/\ walk = [open |-> FALSE, chan |-> "nochan"]
/\ sys = [warmBoot |-> FALSE, clock |-> 0]
/\ pres = [ scope |-> "panel",
  cancelReq |-> TRUE,
  cancelBy |-> "fido",
  granted |-> "none",
  pressing |-> TRUE,
  spent |-> FALSE,
  usedBy |-> "none" ]
/\ store = [seed |-> TRUE, cred |-> {}, rpent |-> {}]
/\ viol = {}
/\ plat = [held |-> FALSE, verifies |-> FALSE, revoked |-> FALSE]
/\ snap = [ pin |-> FALSE,
  seen |-> FALSE,
  auv |-> FALSE,
  surv |-> {},
  seed |-> FALSE,
  sealed |-> FALSE ]
/\ upSpent = FALSE
/\ op = [kind |-> "none", t |-> "none", rp |-> "norp", step |-> 0]
/\ pin = [set |-> FALSE, retries |-> 8, everSet |-> FALSE]
/\ ram = FALSE
/\ tok = [rp |-> "norp", live |-> FALSE, perms |-> {}]
/\ gate = [ ppuat |-> FALSE,
  ppuatStale |-> FALSE,
  alwaysUv |-> FALSE,
  backupSealed |-> FALSE,
  forceChange |-> FALSE ]

State 5: <TouchCancel line 440, col 5 to line 447, col 35 of module RSKeySecurityState>
/\ lock = [soft |-> FALSE, mism |-> 0, policyMism |-> 0]
/\ walk = [open |-> FALSE, chan |-> "nochan"]
/\ sys = [warmBoot |-> FALSE, clock |-> 0]
/\ pres = [ scope |-> "panel",
  cancelReq |-> TRUE,
  cancelBy |-> "fido",
  granted |-> "cancel",
  pressing |-> TRUE,
  spent |-> FALSE,
  usedBy |-> "none" ]
/\ store = [seed |-> TRUE, cred |-> {}, rpent |-> {}]
/\ viol = {"NoCrossTransportTouchConsumption"}
/\ plat = [held |-> FALSE, verifies |-> FALSE, revoked |-> FALSE]
/\ snap = [ pin |-> FALSE,
  seen |-> FALSE,
  auv |-> FALSE,
  surv |-> {},
  seed |-> FALSE,
  sealed |-> FALSE ]
/\ upSpent = FALSE
/\ op = [kind |-> "none", t |-> "none", rp |-> "norp", step |-> 0]
/\ pin = [set |-> FALSE, retries |-> 8, everSet |-> FALSE]
/\ ram = FALSE
/\ tok = [rp |-> "norp", live |-> FALSE, perms |-> {}]
/\ gate = [ ppuat |-> FALSE,
  ppuatStale |-> FALSE,
  alwaysUv |-> FALSE,
  backupSealed |-> FALSE,
  forceChange |-> FALSE ]

678 states generated, 237 distinct states found, 180 states left on queue.
The depth of the complete state graph search is 5.
The average outdegree of the complete state graph is 4 (minimum is 0, the maximum 14 and the 95th percentile is 12).
Finished in 00s at (2026-08-30 02:01:38)
